
/*************************************************
 *            BEGIN RVL UNIT TEST 12             *
 * Purpose: test sanity test in LinOp            *
 *************************************************/

1. Construct domain, range spaces

2. Build GenMat

3. Construct input vector in wrong space

successful conclusion - error trapped - see output in ut12.rpt

/*************************************************
 *              END RVL UNIT TEST 12             *
 *************************************************/
